{
  "exclude_regex": ".*tests/.*|\\.pre-commit-config\\.yaml",
  "generated_at": "2026-03-17T00:00:00Z",
  "plugins_used": [
    {
      "base64_limit": 4.5,
      "name": "Base64HighEntropyString"
    },
    {
      "hex_limit": 3,
      "name": "HexHighEntropyString"
    },
    {
      "name": "PrivateKeyDetector"
    }
  ],
  "results": {},
  "version": "0.9.1"
}
